// Jest Snapshot v1, https://goo.gl/fbAQLP

exports[`Testing CartItem component expects to render the CartItem component 1`] = `
<styled.div>
  <styled.img
    alt="item"
    src="https://store.storeimages.cdn-apple.com/4668/as-images.apple.com/is/iphone-12-pro-family-hero?wid=940&amp;hei=1112&amp;fmt=jpeg&amp;qlt=80&amp;op_usm=0.5,0.5&amp;.v=1604021663000"
  />
  <styled.div>
    <span>
      Iphone 12 Pro
    </span>
    <span>
      1
       x $
      1179â‚¬
    </span>
  </styled.div>
</styled.div>
`;
