// Jest Snapshot v1, https://goo.gl/fbAQLP

exports[`testing Home component should render a Home component 1`] = `
<styled.div>
  <Connect(DirectoryContainer) />
</styled.div>
`;
