// Jest Snapshot v1, https://goo.gl/fbAQLP

exports[`Testing CartIcon component expects to render CartIcon component 1`] = `
<styled.div
  onClick={[MockFunction]}
>
  <Styled(Component) />
  <styled.span>
    0
  </styled.span>
</styled.div>
`;
