// Jest Snapshot v1, https://goo.gl/fbAQLP

exports[`testing SignInAndSignUp component should render a SignInAndSignUp component 1`] = `
<styled.div>
  <Connect(SignInContainer) />
  <Connect(SignUpContainer) />
</styled.div>
`;
