// Jest Snapshot v1, https://goo.gl/fbAQLP

exports[`testing CustomButon component should render the CustomButton 1`] = `
<styled.button>
  Button
</styled.button>
`;
